Sep 23 01:56:42 my_machine kernel: [4100113.338211] C1 CompilerThre invoked oom-killer: gfp_mask=0x6200ca(GFP_HIGHUSER_MOVABLE), nodemask=(null), order=0, oom_score_adj=0
Sep 23 01:56:42 my_machine kernel: [4100113.338338] C1 CompilerThre cpuset=/ mems_allowed=0
Sep 23 01:56:42 my_machine kernel: [4100113.338431] CPU: 6 PID: 16961 Comm: C1 CompilerThre Not tainted 4.19.0-8-amd64 #1 Debian 4.19.98-1
Sep 23 01:56:42 my_machine kernel: [4100113.338547] Hardware name: ASUSTeK COMPUTER INC. Z10PA-U8 Series/Z10PA-U8 Series, BIOS 3801 05/13/2020
Sep 23 01:56:42 my_machine kernel: [4100113.338664] Call Trace:
Sep 23 01:56:42 my_machine kernel: [4100113.338754]  dump_stack+0x66/0x90
Sep 23 01:56:42 my_machine kernel: [4100113.338842]  dump_header+0x6b/0x283
Sep 23 01:56:42 my_machine kernel: [4100113.338931]  ? __switch_to_asm+0x41/0x70
Sep 23 01:56:42 my_machine kernel: [4100113.339018]  ? __switch_to_asm+0x35/0x70
Sep 23 01:56:42 my_machine kernel: [4100113.339105]  ? __switch_to_asm+0x41/0x70
Sep 23 01:56:42 my_machine kernel: [4100113.339194]  ? __switch_to+0x115/0x440
Sep 23 01:56:42 my_machine kernel: [4100113.339281]  ? __switch_to_asm+0x41/0x70
Sep 23 01:56:42 my_machine kernel: [4100113.339369]  oom_kill_process.cold.30+0xb/0x1cf
Sep 23 01:56:42 my_machine kernel: [4100113.339458]  ? oom_badness+0x23/0x140
Sep 23 01:56:42 my_machine kernel: [4100113.339546]  out_of_memory+0x1a5/0x450
Sep 23 01:56:42 my_machine kernel: [4100113.339633]  __alloc_pages_slowpath+0xbd8/0xcb0
Sep 23 01:56:42 my_machine kernel: [4100113.339723]  ? read_pages+0x7f/0x190
Sep 23 01:56:42 my_machine kernel: [4100113.339811]  __alloc_pages_nodemask+0x28b/0x2b0
Sep 23 01:56:42 my_machine kernel: [4100113.339901]  filemap_fault+0x3bd/0x780
Sep 23 01:56:42 my_machine kernel: [4100113.339989]  ? alloc_set_pte+0xf2/0x560
Sep 23 01:56:42 my_machine kernel: [4100113.340077]  ? filemap_map_pages+0x1ed/0x3a0
Sep 23 01:56:42 my_machine kernel: [4100113.340184]  ext4_filemap_fault+0x2c/0x40 [ext4]
Sep 23 01:56:42 my_machine kernel: [4100113.340274]  __do_fault+0x36/0x130
Sep 23 01:56:42 my_machine kernel: [4100113.340361]  __handle_mm_fault+0xe6c/0x1270
Sep 23 01:56:42 my_machine kernel: [4100113.340450]  handle_mm_fault+0xd6/0x200
Sep 23 01:56:42 my_machine kernel: [4100113.340538]  __do_page_fault+0x249/0x4f0
Sep 23 01:56:42 my_machine kernel: [4100113.340626]  ? page_fault+0x8/0x30
Sep 23 01:56:42 my_machine kernel: [4100113.340712]  page_fault+0x1e/0x30
Sep 23 01:56:42 my_machine kernel: [4100113.340800] RIP: 0033:0x7f680917c980
Sep 23 01:56:42 my_machine kernel: [4100113.340891] Code: Bad RIP value.
Sep 23 01:56:42 my_machine kernel: [4100113.340977] RSP: 002b:00007f2c40cc07f8 EFLAGS: 00010246
Sep 23 01:56:42 my_machine kernel: [4100113.341067] RAX: 0000000000000001 RBX: 00007f2c38b91800 RCX: 0000000000000000
Sep 23 01:56:42 my_machine kernel: [4100113.341179] RDX: 00007f2c38b93160 RSI: 00007f2c38b91800 RDI: 00007f2c38b91b20
Sep 23 01:56:42 my_machine kernel: [4100113.341292] RBP: 00007f2c40cc0840 R08: 0000000000000001 R09: 00000000000011b7
Sep 23 01:56:42 my_machine kernel: [4100113.341404] R10: 00007f2c40cc06e0 R11: 0000000000000206 R12: 00007f68040123e0
Sep 23 01:56:42 my_machine kernel: [4100113.341517] R13: 0000000000000000 R14: 0000000000000000 R15: 0000000000001388
Sep 23 01:56:42 my_machine kernel: [4100113.341644] Mem-Info:
Sep 23 01:56:42 my_machine kernel: [4100113.341731] active_anon:65283802 inactive_anon:649 isolated_anon:0
Sep 23 01:56:42 my_machine kernel: [4100113.341731]  active_file:599 inactive_file:461 isolated_file:33
Sep 23 01:56:42 my_machine kernel: [4100113.341731]  unevictable:0 dirty:0 writeback:0 unstable:0
Sep 23 01:56:42 my_machine kernel: [4100113.341731]  slab_reclaimable:84374 slab_unreclaimable:111657
Sep 23 01:56:42 my_machine kernel: [4100113.341731]  mapped:2 shmem:224 pagetables:127992 bounce:0
Sep 23 01:56:42 my_machine kernel: [4100113.341731]  free:276793 free_pcp:22 free_cma:0
Sep 23 01:56:42 my_machine kernel: [4100113.341978] Node 0 active_anon:261135208kB inactive_anon:2596kB active_file:2396kB inactive_file:1428kB unevictable:0kB isolated(anon):0kB isolated(file):132kB mapped:8kB dirty:0kB writeback:0kB shmem:896kB shmem_thp: 0kB shmem_pmdmapped: 0kB anon_thp: 220626944kB writeback_tmp:0kB unstable:0kB all_unreclaimable? no
Sep 23 01:56:42 my_machine kernel: [4100113.342192] Node 0 DMA free:15904kB min:4kB low:16kB high:28kB active_anon:0kB inactive_anon:0kB active_file:0kB inactive_file:0kB unevictable:0kB writepending:0kB present:15988kB managed:15904kB mlocked:0kB kernel_stack:0kB pagetables:0kB bounce:0kB free_pcp:0kB local_pcp:0kB free_cma:0kB
Sep 23 01:56:42 my_machine kernel: [4100113.342384] lowmem_reserve[]: 0 1820 257793 257793 257793
Sep 23 01:56:42 my_machine kernel: [4100113.342475] Node 0 DMA32 free:1024336kB min:476kB low:2340kB high:4204kB active_anon:871056kB inactive_anon:0kB active_file:0kB inactive_file:0kB unevictable:0kB writepending:0kB present:1961960kB managed:1896392kB mlocked:0kB kernel_stack:0kB pagetables:292kB bounce:0kB free_pcp:64kB local_pcp:0kB free_cma:0kB
Sep 23 01:56:42 my_machine kernel: [4100113.342672] lowmem_reserve[]: 0 0 255973 255973 255973
Sep 23 01:56:42 my_machine kernel: [4100113.342763] Node 0 Normal free:66932kB min:67100kB low:329216kB high:591332kB active_anon:260264152kB inactive_anon:2596kB active_file:2516kB inactive_file:2244kB unevictable:0kB writepending:0kB present:266338304kB managed:262120828kB mlocked:0kB kernel_stack:3664kB pagetables:511676kB bounce:0kB free_pcp:24kB local_pcp:0kB free_cma:0kB
Sep 23 01:56:42 my_machine kernel: [4100113.342984] lowmem_reserve[]: 0 0 0 0 0
Sep 23 01:56:42 my_machine kernel: [4100113.343071] Node 0 DMA: 0*4kB 0*8kB 0*16kB 1*32kB (U) 2*64kB (U) 1*128kB (U) 1*256kB (U) 0*512kB 1*1024kB (U) 1*2048kB (M) 3*4096kB (M) = 15904kB
Sep 23 01:56:42 my_machine kernel: [4100113.343202] Node 0 DMA32: 16*4kB (UME) 19*8kB (UME) 45*16kB (UME) 36*32kB (UME) 25*64kB (UE) 14*128kB (UE) 5*256kB (UE) 6*512kB (UME) 3*1024kB (UM) 14*2048kB (ME) 240*4096kB (UME) = 1024616kB
Sep 23 01:56:42 my_machine kernel: [4100113.343360] Node 0 Normal: 454*4kB (UME) 320*8kB (UME) 60*16kB (UME) 79*32kB (UME) 62*64kB (UME) 44*128kB (ME) 30*256kB (E) 18*512kB (UE) 33*1024kB (ME) 0*2048kB 0*4096kB = 68152kB
Sep 23 01:56:42 my_machine kernel: [4100113.343517] Node 0 hugepages_total=0 hugepages_free=0 hugepages_surp=0 hugepages_size=1048576kB
Sep 23 01:56:42 my_machine kernel: [4100113.343633] Node 0 hugepages_total=0 hugepages_free=0 hugepages_surp=0 hugepages_size=2048kB
Sep 23 01:56:42 my_machine kernel: [4100113.343749] 1328 total pagecache pages
Sep 23 01:56:42 my_machine kernel: [4100113.343837] 0 pages in swap cache
Sep 23 01:56:42 my_machine kernel: [4100113.343923] Swap cache stats: add 102895263, delete 102938689, find 56768581/67865844
Sep 23 01:56:42 my_machine kernel: [4100113.344037] Free swap  = 0kB
Sep 23 01:56:42 my_machine kernel: [4100113.344121] Total swap = 0kB
Sep 23 01:56:42 my_machine kernel: [4100113.344206] 67079063 pages RAM
Sep 23 01:56:42 my_machine kernel: [4100113.344290] 0 pages HighMem/MovableOnly
Sep 23 01:56:42 my_machine kernel: [4100113.344376] 1070782 pages reserved
Sep 23 01:56:42 my_machine kernel: [4100113.344466] 0 pages hwpoisoned
Sep 23 01:56:42 my_machine kernel: [4100113.344550] Tasks state (memory values in pages):
Sep 23 01:56:42 my_machine kernel: [4100113.344639] [  pid  ]   uid  tgid total_vm      rss pgtables_bytes swapents oom_score_adj name
Sep 23 01:56:42 my_machine kernel: [4100113.344765] [   1401]     0  1401     3963      216    65536        0         -1000 sshd
Sep 23 01:56:42 my_machine kernel: [4100113.344881] [  28710]     0 28710     5467      231    73728        0         -1000 systemd-udevd
Sep 23 01:56:42 my_machine kernel: [4100113.345000] [   4378]     0  4378    56456     1351    90112        0             0 rsyslogd
Sep 23 01:56:42 my_machine kernel: [4100113.345117] [   4379]     0  4379     2211       66    53248        0             0 cron
Sep 23 01:56:42 my_machine kernel: [4100113.345232] [   5491]   104  5491     2208      149    53248        0          -900 dbus-daemon
Sep 23 01:56:42 my_machine kernel: [4100113.345349] [   5497]     0  5497    58959      215    90112        0             0 polkitd
Sep 23 01:56:42 my_machine kernel: [4100113.345466] [   5503]     0  5503     4876      250    77824        0             0 systemd-logind
Sep 23 01:56:42 my_machine kernel: [4100113.345585] [  30654]  1004 30654     5290      343    86016        0             0 systemd
Sep 23 01:56:42 my_machine kernel: [4100113.345703] [  30656]  1004 30656    42930      708   110592        0             0 (sd-pam)
Sep 23 01:56:42 my_machine kernel: [4100113.345821] [  16736]  1004 16736     2345      201    49152        0             0 screen
Sep 23 01:56:42 my_machine kernel: [4100113.345937] [  16737]  1004 16737     2100      413    57344        0             0 bash
Sep 23 01:56:42 my_machine kernel: [4100113.353734] [  16849]  1004 16849     2345      206    49152        0             0 screen
Sep 23 01:56:42 my_machine kernel: [4100113.353851] [  16850]  1004 16850     2100      415    57344        0             0 bash
Sep 23 01:56:42 my_machine kernel: [4100113.353966] [  16947]  1004 16947     1746       59    49152        0             0 import.sh
Sep 23 01:56:42 my_machine kernel: [4100113.354083] [  16948]     0 16948     2562       95    65536        0             0 sudo
Sep 23 01:56:42 my_machine kernel: [4100113.354198] [  16949]     0 16949 66174736 65274907 524214272        0             0 java
Sep 23 01:56:42 my_machine kernel: [4100113.354314] [  17003]  1004 17003     2871      156    61440        0             0 top
Sep 23 01:56:42 my_machine kernel: [4100113.354429] [  17004]  1004 17004     1637       63    49152        0             0 grep
Sep 23 01:56:42 my_machine kernel: [4100113.354545] [  17005]  1004 17005     3556      887    69632        0             0 ts
Sep 23 01:56:42 my_machine kernel: [4100113.354661] [  17856]  1004 17856     2345      194    53248        0             0 screen
Sep 23 01:56:42 my_machine kernel: [4100113.354778] [  17857]  1004 17857     2100      414    45056        0             0 bash
Sep 23 01:56:42 my_machine kernel: [4100113.354894] [  18312]  1004 18312     1881      414    53248        0             0 watch
Sep 23 01:56:42 my_machine kernel: [4100113.355010] [   3390]     0  3390     4153      272    73728        0             0 sshd
Sep 23 01:56:42 my_machine kernel: [4100113.355126] [   3396]  1004  3396     4221      371    73728        0             0 sshd
Sep 23 01:56:42 my_machine kernel: [4100113.355242] [   3397]  1004  3397     2064      384    61440        0             0 bash
Sep 23 01:56:43 my_machine kernel: [4100114.361204] oom_reaper: reaped process 16949 (java), now anon-rss:0kB, file-rss:0kB, shmem-rss:0kB
